=== CERTEZA · diagnostico de subida === 2026-09-22 22:24:42 UTC
proyecto=cinplag-v4-core region=us-central1 cubeta=certeza-cuarentena-cinplag cuenta_de_servicio=certeza-api@cinplag-v4-core.iam.gserviceaccount.com

[environment: untagged] Read more to tag: g.co/cloud/project-env-tag.
Updated property [core/project].
[7] reloj del contenedor/shell vs. reloj de Google
  local=Tue Sep 22 10:24:46 PM UTC 2026 google=Tue, 22 Sep 2026 22:24:46 GMT desfase=0s

[6] permiso de la cuenta de servicio para firmar (roles/iam.serviceAccountTokenCreator)
  OK: el binding existe en la politica de certeza-api@cinplag-v4-core.iam.gserviceaccount.com
  miembros: ['serviceAccount:certeza-api@cinplag-v4-core.iam.gserviceaccount.com']

[5] CORS de gs://certeza-cuarentena-cinplag
null
<string>:12: SyntaxWarning: invalid escape sequence '\/'
Traceback (most recent call last):
  File "<string>", line 7, in <module>
AttributeError: 'NoneType' object has no attribute 'get'

[1] generar URL firmada con el codigo de produccion (certeza/nube/almacenamiento.py)
{"error": "RefreshError: ('Unable to acquire impersonated credentials', '{\\n  \"error\": {\\n    \"code\": 403,\\n    \"message\": \"Permission \\'iam.serviceAccounts.getAccessToken\\' denied on resource (or it may not exist). Remediate access with this Troubleshooter URL or share it with your administrator - https://console.cloud.google.com/iam-admin/troubleshooter/summary;errorId=CiQwMWEwY2IzOC1jODFhLTc1NTMtYWRkNC0xODQzYThjNDc2MTkSAA%3D%3D .\",\\n    \"status\": \"PERMISSION_DENIED\",\\n    \"details\": [\\n      {\\n        \"@type\": \"type.googleapis.com/google.rpc.ErrorInfo\",\\n        \"reason\": \"IAM_PERMISSION_DENIED\",\\n        \"domain\": \"iam.googleapis.com\",\\n        \"metadata\": {\\n          \"error_info_id\": \"CiQwMWEwY2IzOC1jODFhLTc1NTMtYWRkNC0xODQzYThjNDc2MTkSAA==\",\\n          \"troubleshooter_url\": \"https://console.cloud.google.com/iam-admin/troubleshooter/summary;errorId=CiQwMWEwY2IzOC1jODFhLTc1NTMtYWRkNC0xODQzYThjNDc2MTkSAA%3D%3D\",\\n          \"permission\": \"iam.serviceAccounts.getAccessToken\"\\n        }\\n      }\\n    ]\\n  }\\n}\\n')"}
  FALLO AL FIRMAR: RefreshError: ('Unable to acquire impersonated credentials', '{\n  "error": {\n    "code": 403,\n    "message": "Permission \'iam.serviceAccounts.getAccessToken\' denied on resource (or it may not exist). Remediate access with this Troubleshooter URL or share it with your administrator - https://console.cloud.google.com/iam-admin/troubleshooter/summary;errorId=CiQwMWEwY2IzOC1jODFhLTc1NTMtYWRkNC0xODQzYThjNDc2MTkSAA%3D%3D .",\n    "status": "PERMISSION_DENIED",\n    "details": [\n      {\n        "@type": "type.googleapis.com/google.rpc.ErrorInfo",\n        "reason": "IAM_PERMISSION_DENIED",\n        "domain": "iam.googleapis.com",\n        "metadata": {\n          "error_info_id": "CiQwMWEwY2IzOC1jODFhLTc1NTMtYWRkNC0xODQzYThjNDc2MTkSAA==",\n          "troubleshooter_url": "https://console.cloud.google.com/iam-admin/troubleshooter/summary;errorId=CiQwMWEwY2IzOC1jODFhLTc1NTMtYWRkNC0xODQzYThjNDc2MTkSAA%3D%3D",\n          "permission": "iam.serviceAccounts.getAccessToken"\n        }\n      }\n    ]\n  }\n}\n')
  (si dice 'you need a private key to sign credentials' o menciona
   service_account_email: faltan credenciales de cuenta de servicio.
   Si estas corriendo con tu propio usuario y no impersonaste a
   certeza-api@..., repite con 'gcloud auth application-default login
   --impersonate-service-account=...' (ver encabezado de este script).
   Si YA impersonaste y sigue igual, falta el paso [6] en produccion.
   Si dice otra cosa, esta es la causa raiz real: es codigo, no CORS.)

=== diagnostico incompleto: no se pudo firmar la URL, no hay PUT que probar ===
